
> purify-text-app@0.1.0 build
> next build

node.exe :  ΓÜá 
Warning: Next.js 
inferred your 
workspace root, but it 
may not be correct.
At line:1 char:1
+ & "C:\Program 
Files\nodejs/node.exe" 
"C:\Program 
Files\nodejs/node_mo 
...
+ ~~~~~~~~~~~~~~~~~~~~~
~~~~~~~~~~~~~~~~~~~~~~~
~~~~~~~~~~~~~~~~~~~~~~~
~~
    + CategoryInfo     
         : NotSpecifi  
  ed: ( ΓÜá Warning:   
  N...not be correc    
t.:String) [], Rem    
oteException
    + FullyQualifiedEr 
   rorId : NativeComm  
  andError
 
 We detected multiple 
lockfiles and selected 
the directory of C:\Use
rs\Lenovo\Desktop\Purif
yText-main_2\package-lo
ck.json as the root 
directory.
 To silence this 
warning, set `outputFil
eTracingRoot` in your 
Next.js config, or 
consider removing one 
of the lockfiles if 
it's not needed.
   See https://nextjs.o
rg/docs/app/api-referen
ce/config/next-config-j
s/output#caveats for 
more information.
 Detected additional 
lockfiles: 
   * C:\Users\Lenovo\De
sktop\PurifyText-main_2
\PurifyText-main\packag
e-lock.json

   Γû▓ Next.js 15.5.7
   - Environments: .env.local

   Creating an optimized production build ...
Failed to compile.

./src/components/pricin
g/PolarPricing.tsx
Error:   [31mx[0m 
Unexpected token. Did 
you mean `{'}'}` or 
`&rbrace;`?
     ,-[[36;1;4mC:\Use
rs\Lenovo\Desktop\Purif
yText-main_2\PurifyText
-main\src\components\pr
icing\PolarPricing.tsx
[0m:456:1]
 [2m453[0m |         
        </div>
 [2m454[0m |         
      </div>
 [2m455[0m |         
      );
 [2m456[0m |         
  })}
     : [35;1m         
 ^[0m
 [2m457[0m |         
    </div>
 [2m458[0m |       
</div>
 [2m459[0m |       );
     `----
  [31mx[0m 
Unexpected token. Did 
you mean `{'}'}` or 
`&rbrace;`?
     ,-[[36;1;4mC:\Use
rs\Lenovo\Desktop\Purif
yText-main_2\PurifyText
-main\src\components\pr
icing\PolarPricing.tsx
[0m:456:1]
 [2m453[0m |         
        </div>
 [2m454[0m |         
      </div>
 [2m455[0m |         
      );
 [2m456[0m |         
  })}
     : [35;1m         
   ^[0m
 [2m457[0m |         
    </div>
 [2m458[0m |       
</div>
 [2m459[0m |       );
     `----
  [31mx[0m 
Unterminated regexp 
literal
     ,-[[36;1;4mC:\Use
rs\Lenovo\Desktop\Purif
yText-main_2\PurifyText
-main\src\components\pr
icing\PolarPricing.tsx
[0m:458:1]
 [2m455[0m |         
      );
 [2m456[0m |         
  })}
 [2m457[0m |         
    </div>
 [2m458[0m |       
</div>
     : [35;1m       
^^^^^[0m
 [2m459[0m |       );
 [2m460[0m | }
     `----

Caused by:
    Syntax Error

Import trace for 
requested module:
./src/components/pricin
g/PolarPricing.tsx
./src/components/Pricin
gPageClient.tsx

./src/app/UnifiedHomePa
ge.tsx
Error:   [31mx[0m 
Unexpected token. Did 
you mean `{'}'}` or 
`&rbrace;`?
      ,-[[36;1;4mC:\Us
ers\Lenovo\Desktop\Puri
fyText-main_2\PurifyTex
t-main\src\app\UnifiedH
omePage.tsx[0m:1299:1]
 [2m1296[0m |        
         
<ReferralPopup isOpen={
showReferralPopup} 
onClose={() => setShowR
eferralPopup(false)} />
 [2m1297[0m |        
       </div>
 [2m1298[0m |        
       );
 [2m1299[0m | }
      : [35;1m^[0m
      `----
  [31mx[0m 
Unexpected eof
      ,-[[36;1;4mC:\Us
ers\Lenovo\Desktop\Puri
fyText-main_2\PurifyTex
t-main\src\app\UnifiedH
omePage.tsx[0m:1299:3]
 [2m1297[0m |        
       </div>
 [2m1298[0m |        
       );
 [2m1299[0m | }
      `----

Caused by:
    Syntax Error

Import trace for 
requested module:
./src/app/UnifiedHomePa
ge.tsx
./src/app/page.tsx

./src/app/privacy/page.
tsx
Error:   [31mx[0m 
Expression expected
    ,-[[36;1;4mC:\User
s\Lenovo\Desktop\Purify
Text-main_2\PurifyText-
main\src\app\privacy\pa
ge.tsx[0m:28:1]
 [2m25[0m |     };
 [2m26[0m | 
 [2m27[0m |     
return (
 [2m28[0m |     
return (
    : [35;1m    
^^^^^^[0m
 [2m29[0m |         
<div className="min-h-s
creen bg-background 
text-foreground">
 [2m30[0m |          
   <script
 [2m31[0m |          
       type="applicatio
n/ld+json"
    `----

Caused by:
    Syntax Error

Import trace for 
requested module:
./src/app/privacy/page.
tsx


> Build failed because 
of webpack errors
